[transformers] `torch_dtype` is deprecated! Use `dtype` instead!
Loading weights:   0%|          | 0/398 [00:00<?, ?it/s]Loading weights:   0%|          | 1/398 [00:00<00:58,  6.81it/s]Loading weights:   3%|▎         | 12/398 [00:00<00:06, 57.30it/s]Loading weights:   9%|▉         | 37/398 [00:00<00:02, 131.54it/s]Loading weights:  16%|█▌        | 63/398 [00:00<00:01, 177.13it/s]Loading weights:  21%|██        | 82/398 [00:00<00:01, 176.62it/s]Loading weights:  28%|██▊       | 111/398 [00:00<00:01, 212.44it/s]Loading weights:  34%|███▍      | 135/398 [00:00<00:01, 218.97it/s]Loading weights:  40%|███▉      | 159/398 [00:00<00:01, 221.07it/s]Loading weights:  47%|████▋     | 187/398 [00:00<00:00, 236.69it/s]Loading weights:  53%|█████▎    | 212/398 [00:01<00:00, 237.59it/s]Loading weights:  59%|█████▉    | 236/398 [00:01<00:00, 231.92it/s]Loading weights:  66%|██████▌   | 262/398 [00:01<00:00, 239.46it/s]Loading weights:  73%|███████▎  | 289/398 [00:01<00:00, 245.07it/s]Loading weights:  79%|███████▉  | 314/398 [00:01<00:00, 239.94it/s]Loading weights:  85%|████████▌ | 339/398 [00:01<00:00, 241.36it/s]Loading weights:  92%|█████████▏| 366/398 [00:01<00:00, 244.16it/s]Loading weights:  98%|█████████▊| 391/398 [00:01<00:00, 238.43it/s]Loading weights: 100%|██████████| 398/398 [00:01<00:00, 215.87it/s]
1 SYN_F01_16_1 ok
2 SYN_F01_16_2 ok
3 SYN_F01_17_1 ok
4 SYN_F01_17_2 ok
5 SYN_F01_18_1 ok
6 SYN_F01_18_2 ok
7 SYN_F01_19_1 ok
8 SYN_F01_19_2 ok
9 SYN_F02_16_1 ok
10 SYN_F02_16_2 ok
11 SYN_F02_17_1 ok
12 SYN_F02_17_2 ok
13 SYN_F02_18_1 ok
14 SYN_F02_18_2 ok
15 SYN_F02_19_1 ok
16 SYN_F02_19_2 ok
17 SYN_F03_16_1 ok
18 SYN_F03_16_2 ok
19 SYN_F03_17_1 ok
20 SYN_F03_17_2 ok
21 SYN_F03_18_1 ok
22 SYN_F03_18_2 ok
23 SYN_F03_19_1 ok
24 SYN_F03_19_2 ok
25 SYN_F04_16_1 ok
26 SYN_F04_16_2 ok
27 SYN_F04_17_1 ok
28 SYN_F04_17_2 ok
29 SYN_F04_18_1 ok
30 SYN_F04_18_2 ok
31 SYN_F04_19_1 ok
32 SYN_F04_19_2 ok
33 SYN_F05_16_1 ok
34 SYN_F05_16_2 ok
35 SYN_F05_17_1 ok
36 SYN_F05_17_2 ok
37 SYN_F05_18_1 ok
38 SYN_F05_18_2 ok
39 SYN_F05_19_1 ok
40 SYN_F05_19_2 ok
41 SYN_F06_16_1 ok
42 SYN_F06_16_2 ok
43 SYN_F06_17_1 ok
44 SYN_F06_17_2 ok
45 SYN_F06_18_1 ok
46 SYN_F06_18_2 ok
47 SYN_F06_19_1 ok
48 SYN_F06_19_2 ok
49 SYN_F07_16_1 ok
50 SYN_F07_16_2 ok
51 SYN_F07_17_1 ok
52 SYN_F07_17_2 ok
53 SYN_F07_18_1 ok
54 SYN_F07_18_2 ok
55 SYN_F07_19_1 ok
56 SYN_F07_19_2 ok
57 SYN_F08_16_1 ok
58 SYN_F08_16_2 ok
59 SYN_F08_17_1 ok
60 SYN_F08_17_2 ok
61 SYN_F08_18_1 ok
62 SYN_F08_18_2 ok
63 SYN_F08_19_1 ok
64 SYN_F08_19_2 ok
65 SYN_F09_16_1 ok
66 SYN_F09_16_2 ok
67 SYN_F09_17_1 ok
68 SYN_F09_17_2 ok
69 SYN_F09_18_1 ok
70 SYN_F09_18_2 ok
71 SYN_F09_19_1 ok
72 SYN_F09_19_2 ok
73 SYN_F10_16_1 ok
74 SYN_F10_16_2 ok
75 SYN_F10_17_1 ok
76 SYN_F10_17_2 ok
77 SYN_F10_18_1 ok
78 SYN_F10_18_2 ok
79 SYN_F10_19_1 ok
80 SYN_F10_19_2 ok
{
  "task": "closed_set_scene_realization_state",
  "reference_tier": "programmatic_synthetic_reference",
  "n_candidates": 220,
  "accuracy": 0.9636363636363636,
  "macro_f1": 0.9285714285714286,
  "schema_valid_scene_rate": 1.0,
  "malformed_or_missing_scene_rate": 0.0,
  "evidence_exact_match": 0.9318181818181818,
  "evidence_overlap_recall": 0.95,
  "per_label": {
    "audible_only": {
      "precision": 1.0,
      "recall": 1.0,
      "f1": 1.0,
      "support": 8
    },
    "depicted": {
      "precision": 0.5,
      "recall": 1.0,
      "f1": 0.6666666666666666,
      "support": 8
    },
    "referenced_only": {
      "precision": 1.0,
      "recall": 1.0,
      "f1": 1.0,
      "support": 28
    },
    "uncertain": {
      "precision": 1.0,
      "recall": 1.0,
      "f1": 1.0,
      "support": 4
    },
    "visible": {
      "precision": 1.0,
      "recall": 0.9534883720930233,
      "f1": 0.9761904761904763,
      "support": 172
    }
  },
  "confusion": {
    "audible_only": {
      "audible_only": 8,
      "depicted": 0,
      "referenced_only": 0,
      "uncertain": 0,
      "visible": 0,
      "missing": 0
    },
    "depicted": {
      "audible_only": 0,
      "depicted": 8,
      "referenced_only": 0,
      "uncertain": 0,
      "visible": 0,
      "missing": 0
    },
    "referenced_only": {
      "audible_only": 0,
      "depicted": 0,
      "referenced_only": 28,
      "uncertain": 0,
      "visible": 0,
      "missing": 0
    },
    "uncertain": {
      "audible_only": 0,
      "depicted": 0,
      "referenced_only": 0,
      "uncertain": 4,
      "visible": 0,
      "missing": 0
    },
    "visible": {
      "audible_only": 0,
      "depicted": 8,
      "referenced_only": 0,
      "uncertain": 0,
      "visible": 164,
      "missing": 0
    }
  },
  "family_exact_match": 0.8,
  "validation_errors": []
}
