[transformers] `torch_dtype` is deprecated! Use `dtype` instead!
Loading weights:   0%|          | 0/398 [00:00<?, ?it/s]Loading weights:   0%|          | 1/398 [00:00<00:52,  7.51it/s]Loading weights:   4%|▍         | 15/398 [00:00<00:05, 75.38it/s]Loading weights:  11%|█▏        | 45/398 [00:00<00:02, 169.70it/s]Loading weights:  18%|█▊        | 71/398 [00:00<00:01, 199.14it/s]Loading weights:  26%|██▌       | 103/398 [00:00<00:01, 235.07it/s]Loading weights:  33%|███▎      | 132/398 [00:00<00:01, 251.18it/s]Loading weights:  40%|███▉      | 159/398 [00:00<00:00, 254.86it/s]Loading weights:  48%|████▊     | 191/398 [00:00<00:00, 269.75it/s]Loading weights:  56%|█████▌    | 221/398 [00:00<00:00, 278.72it/s]Loading weights:  63%|██████▎   | 250/398 [00:01<00:00, 275.77it/s]Loading weights:  70%|███████   | 279/398 [00:01<00:00, 278.58it/s]Loading weights:  78%|███████▊  | 311/398 [00:01<00:00, 283.52it/s]Loading weights:  85%|████████▌ | 340/398 [00:01<00:00, 283.06it/s]Loading weights:  93%|█████████▎| 369/398 [00:01<00:00, 275.93it/s]Loading weights: 100%|██████████| 398/398 [00:01<00:00, 251.68it/s]
1 VIS_03_010 ok
2 VIS_04_006 ok
3 VIS_04_009 ok
4 VIS_05_007 ok
5 VIS_08_017 ok
6 VIS_08_019 ok
7 VIS_09_013 ok
8 VIS_09_005 ok
9 VIS_10_014 ok
10 VIS_10_011 ok
11 VIS_11_008 ok
12 VIS_11_011 ok
13 VIS_12_014 malformed
14 VIS_12_013 ok
15 VIS_13_011 ok
16 VIS_14_016 ok
17 VIS_14_012 ok
18 VIS_15_004 ok
19 VIS_15_002 ok
20 VIS_16_003 ok
21 VIS_16_023 ok
22 VIS_17_011 ok
23 VIS_17_005 ok
24 VIS_20_022 ok
25 VIS_20_017 ok
26 VIS_23_003 ok
27 VIS_23_004 ok
28 VIS_25_007 ok
29 VIS_25_005 ok
30 VIS_26_007 ok
31 VIS_26_004 ok
32 VIS_29_003 ok
33 VIS_29_014 ok
34 VIS_31_011 ok
35 VIS_34_006 ok
36 VIS_35_013 ok
37 VIS_36_002 ok
38 VIS_37_009 ok
39 VIS_37_001 ok
40 VIS_39_012 ok
41 VIS_39_022 ok
42 VIS_40_008 ok
43 VIS_43_001 ok
44 VIS_46_011 ok
45 VIS_46_019 ok
46 VIS_47_008 ok
47 VIS_49_003 ok
48 VIS_50_018 ok
49 VIS_50_004 ok
50 VIS_52_018 ok
51 VIS_53_005 ok
52 VIS_55_005 ok
53 VIS_56_015 ok
54 VIS_56_007 ok
55 VIS_57_004 ok
56 VIS_58_002 ok
57 VIS_58_009 ok
58 VIS_59_001 ok
59 VIS_59_013 ok
60 VIS_61_004 ok
61 VIS_62_013 ok
62 VIS_63_017 ok
63 VIS_63_003 ok
64 VIS_64_003 ok
65 VIS_64_002 ok
66 VIS_66_015 ok
67 VIS_66_016 ok
68 VIS_69_004 ok
69 VIS_70_022 ok
70 VIS_71_008 ok
71 VIS_71_011 ok
72 VIS_72_007 ok
73 VIS_72_008 ok
74 VIS_73_006 ok
75 VIS_73_010 ok
76 VIS_77_013 ok
77 VIS_77_010 ok
{
  "task": "external_binary_shot_visibility",
  "reference_tier": "vistorybench_derived_mit",
  "n_scenes": 77,
  "n_candidates": 154,
  "n_families": 48,
  "accuracy": 0.922077922077922,
  "macro_f1": 0.9277961302501179,
  "schema_valid_scene_rate": 0.987012987012987,
  "family_exact_match": 0.8125,
  "per_label": {
    "visible": {
      "precision": 0.8837209302325582,
      "recall": 0.987012987012987,
      "f1": 0.9325153374233128
    },
    "not_visible": {
      "precision": 1.0,
      "recall": 0.8571428571428571,
      "f1": 0.923076923076923
    }
  },
  "confusion": {
    "visible": {
      "visible": 76,
      "not_visible": 0,
      "missing": 1
    },
    "not_visible": {
      "visible": 10,
      "not_visible": 66,
      "missing": 1
    }
  },
  "raw_predicted_state_counts": {
    "depicted": 1,
    "referenced_only": 65,
    "visible": 86
  },
  "validation_errors": []
}
