[transformers] `torch_dtype` is deprecated! Use `dtype` instead!
Loading weights:   0%|          | 0/398 [00:00<?, ?it/s]Loading weights:   0%|          | 1/398 [00:00<00:52,  7.58it/s]Loading weights:   3%|▎         | 12/398 [00:00<00:06, 60.64it/s]Loading weights:  10%|▉         | 38/398 [00:00<00:02, 140.61it/s]Loading weights:  17%|█▋        | 69/398 [00:00<00:01, 201.31it/s]Loading weights:  24%|██▍       | 97/398 [00:00<00:01, 226.89it/s]Loading weights:  31%|███▏      | 125/398 [00:00<00:01, 239.79it/s]Loading weights:  39%|███▉      | 157/398 [00:00<00:00, 258.90it/s]Loading weights:  46%|████▌     | 184/398 [00:00<00:00, 261.47it/s]Loading weights:  53%|█████▎    | 212/398 [00:00<00:00, 265.97it/s]Loading weights:  60%|██████    | 239/398 [00:01<00:00, 264.69it/s]Loading weights:  67%|██████▋   | 267/398 [00:01<00:00, 267.06it/s]Loading weights:  74%|███████▍  | 295/398 [00:01<00:00, 268.26it/s]Loading weights:  81%|████████  | 322/398 [00:01<00:00, 267.67it/s]Loading weights:  88%|████████▊ | 349/398 [00:01<00:00, 263.60it/s]Loading weights:  95%|█████████▍| 377/398 [00:01<00:00, 261.00it/s]Loading weights: 100%|██████████| 398/398 [00:01<00:00, 230.59it/s]
1 VIS_03_010 ok
2 VIS_04_006 ok
3 VIS_04_009 ok
4 VIS_05_007 ok
5 VIS_08_017 ok
6 VIS_08_019 ok
7 VIS_09_013 ok
8 VIS_09_005 ok
9 VIS_10_014 ok
10 VIS_10_011 ok
11 VIS_11_008 ok
12 VIS_11_011 ok
13 VIS_12_014 malformed
14 VIS_12_013 ok
15 VIS_13_011 ok
16 VIS_14_016 ok
17 VIS_14_012 ok
18 VIS_15_004 ok
19 VIS_15_002 ok
20 VIS_16_003 ok
21 VIS_16_023 ok
22 VIS_17_011 ok
23 VIS_17_005 ok
24 VIS_20_022 ok
25 VIS_20_017 ok
26 VIS_23_003 ok
27 VIS_23_004 ok
28 VIS_25_007 ok
29 VIS_25_005 ok
30 VIS_26_007 ok
31 VIS_26_004 ok
32 VIS_29_003 ok
33 VIS_29_014 ok
34 VIS_31_011 ok
35 VIS_34_006 ok
36 VIS_35_013 ok
37 VIS_36_002 ok
38 VIS_37_009 ok
39 VIS_37_001 ok
40 VIS_39_012 ok
41 VIS_39_022 ok
42 VIS_40_008 ok
43 VIS_43_001 ok
44 VIS_46_011 ok
45 VIS_46_019 ok
46 VIS_47_008 ok
47 VIS_49_003 ok
48 VIS_50_018 ok
49 VIS_50_004 ok
50 VIS_52_018 ok
51 VIS_53_005 ok
52 VIS_55_005 ok
53 VIS_56_015 ok
54 VIS_56_007 ok
55 VIS_57_004 ok
56 VIS_58_002 ok
57 VIS_58_009 ok
58 VIS_59_001 ok
59 VIS_59_013 ok
60 VIS_61_004 ok
61 VIS_62_013 ok
62 VIS_63_017 ok
63 VIS_63_003 ok
64 VIS_64_003 ok
65 VIS_64_002 ok
66 VIS_66_015 ok
67 VIS_66_016 ok
68 VIS_69_004 ok
69 VIS_70_022 ok
70 VIS_71_008 ok
71 VIS_71_011 ok
72 VIS_72_007 ok
73 VIS_72_008 ok
74 VIS_73_006 ok
75 VIS_73_010 ok
76 VIS_77_013 ok
77 VIS_77_010 ok
{
  "task": "external_binary_shot_visibility",
  "reference_tier": "vistorybench_derived_mit",
  "n_scenes": 77,
  "n_candidates": 154,
  "n_families": 48,
  "accuracy": 0.8636363636363636,
  "macro_f1": 0.8734166118781503,
  "schema_valid_scene_rate": 0.974025974025974,
  "family_exact_match": 0.6458333333333334,
  "per_label": {
    "visible": {
      "precision": 0.8152173913043478,
      "recall": 0.974025974025974,
      "f1": 0.8875739644970413
    },
    "not_visible": {
      "precision": 1.0,
      "recall": 0.7532467532467533,
      "f1": 0.8592592592592593
    }
  },
  "confusion": {
    "visible": {
      "visible": 75,
      "not_visible": 0,
      "missing": 2
    },
    "not_visible": {
      "visible": 17,
      "not_visible": 58,
      "missing": 2
    }
  },
  "raw_predicted_state_counts": {
    "audible_only": 4,
    "depicted": 2,
    "referenced_only": 53,
    "visible": 93
  },
  "validation_errors": [
    {
      "scene_id": "VIS_20_022",
      "candidate_id": "VIS_20_22_V",
      "error": "invalid_candidate_or_state"
    },
    {
      "scene_id": "VIS_20_022",
      "candidate_id": "VIS_20_22_N",
      "error": "invalid_candidate_or_state"
    },
    {
      "scene_id": "VIS_20_022",
      "error": "candidate_set_mismatch"
    }
  ]
}
