[transformers] `torch_dtype` is deprecated! Use `dtype` instead!
Loading weights:   0%|          | 0/398 [00:00<?, ?it/s]Loading weights:   0%|          | 1/398 [00:00<00:55,  7.10it/s]Loading weights:   3%|▎         | 11/398 [00:00<00:07, 53.46it/s]Loading weights:   9%|▉         | 37/398 [00:00<00:02, 135.67it/s]Loading weights:  16%|█▌        | 64/398 [00:00<00:01, 183.09it/s]Loading weights:  23%|██▎       | 91/398 [00:00<00:01, 210.97it/s]Loading weights:  29%|██▉       | 115/398 [00:00<00:01, 216.84it/s]Loading weights:  37%|███▋      | 146/398 [00:00<00:01, 240.02it/s]Loading weights:  43%|████▎     | 171/398 [00:00<00:00, 240.86it/s]Loading weights:  51%|█████     | 201/398 [00:00<00:00, 252.41it/s]Loading weights:  57%|█████▋    | 227/398 [00:01<00:00, 249.28it/s]Loading weights:  64%|██████▍   | 254/398 [00:01<00:00, 254.95it/s]Loading weights:  70%|███████   | 280/398 [00:01<00:00, 247.50it/s]Loading weights:  78%|███████▊  | 311/398 [00:01<00:00, 259.36it/s]Loading weights:  85%|████████▍ | 337/398 [00:01<00:00, 254.31it/s]Loading weights:  92%|█████████▏| 366/398 [00:01<00:00, 257.76it/s]Loading weights:  99%|█████████▉| 396/398 [00:01<00:00, 267.02it/s]Loading weights: 100%|██████████| 398/398 [00:01<00:00, 230.18it/s]
1 SYN_F03_00_1 ok
2 SYN_F03_00_2 ok
3 SYN_F03_01_1 ok
4 SYN_F03_01_2 ok
5 SYN_F03_02_1 ok
6 SYN_F03_02_2 ok
7 SYN_F03_03_1 ok
8 SYN_F03_03_2 ok
9 SYN_F03_04_1 ok
10 SYN_F03_04_2 ok
11 SYN_F03_05_1 ok
12 SYN_F03_05_2 ok
13 SYN_F03_06_1 ok
14 SYN_F03_06_2 ok
15 SYN_F03_07_1 ok
16 SYN_F03_07_2 ok
17 SYN_F03_08_1 ok
18 SYN_F03_08_2 ok
19 SYN_F03_09_1 ok
20 SYN_F03_09_2 ok
21 SYN_F03_10_1 ok
22 SYN_F03_10_2 ok
23 SYN_F03_11_1 ok
24 SYN_F03_11_2 ok
25 SYN_F03_12_1 ok
26 SYN_F03_12_2 ok
27 SYN_F03_13_1 ok
28 SYN_F03_13_2 ok
29 SYN_F03_14_1 ok
30 SYN_F03_14_2 ok
31 SYN_F03_15_1 ok
32 SYN_F03_15_2 ok
33 SYN_F03_16_1 ok
34 SYN_F03_16_2 ok
35 SYN_F03_17_1 ok
36 SYN_F03_17_2 ok
37 SYN_F03_18_1 ok
38 SYN_F03_18_2 ok
39 SYN_F03_19_1 ok
40 SYN_F03_19_2 ok
41 SYN_F04_00_1 ok
42 SYN_F04_00_2 ok
43 SYN_F04_01_1 ok
44 SYN_F04_01_2 ok
45 SYN_F04_02_1 ok
46 SYN_F04_02_2 ok
47 SYN_F04_03_1 ok
48 SYN_F04_03_2 ok
49 SYN_F04_04_1 ok
50 SYN_F04_04_2 ok
51 SYN_F04_05_1 ok
52 SYN_F04_05_2 ok
53 SYN_F04_06_1 ok
54 SYN_F04_06_2 ok
55 SYN_F04_07_1 ok
56 SYN_F04_07_2 ok
57 SYN_F04_08_1 ok
58 SYN_F04_08_2 ok
59 SYN_F04_09_1 ok
60 SYN_F04_09_2 ok
61 SYN_F04_10_1 ok
62 SYN_F04_10_2 ok
63 SYN_F04_11_1 ok
64 SYN_F04_11_2 ok
65 SYN_F04_12_1 ok
66 SYN_F04_12_2 ok
67 SYN_F04_13_1 ok
68 SYN_F04_13_2 ok
69 SYN_F04_14_1 ok
70 SYN_F04_14_2 ok
71 SYN_F04_15_1 ok
72 SYN_F04_15_2 ok
73 SYN_F04_16_1 ok
74 SYN_F04_16_2 ok
75 SYN_F04_17_1 ok
76 SYN_F04_17_2 ok
77 SYN_F04_18_1 ok
78 SYN_F04_18_2 ok
79 SYN_F04_19_1 ok
80 SYN_F04_19_2 ok
{
  "task": "closed_set_scene_realization_state",
  "reference_tier": "programmatic_synthetic_reference",
  "n_candidates": 240,
  "accuracy": 0.875,
  "macro_f1": 0.36862032629628283,
  "schema_valid_scene_rate": 0.875,
  "malformed_or_missing_scene_rate": 0.125,
  "evidence_exact_match": 0.5791666666666667,
  "evidence_overlap_recall": 0.5791666666666667,
  "per_label": {
    "audible_only": {
      "precision": 0.0,
      "recall": 0.0,
      "f1": 0.0,
      "support": 0
    },
    "depicted": {
      "precision": 0.0,
      "recall": 0.0,
      "f1": 0.0,
      "support": 0
    },
    "referenced_only": {
      "precision": 1.0,
      "recall": 0.825,
      "f1": 0.9041095890410958,
      "support": 40
    },
    "uncertain": {
      "precision": 0.0,
      "recall": 0.0,
      "f1": 0.0,
      "support": 0
    },
    "visible": {
      "precision": 1.0,
      "recall": 0.885,
      "f1": 0.9389920424403183,
      "support": 200
    }
  },
  "confusion": {
    "audible_only": {
      "audible_only": 0,
      "depicted": 0,
      "referenced_only": 0,
      "uncertain": 0,
      "visible": 0,
      "missing": 0
    },
    "depicted": {
      "audible_only": 0,
      "depicted": 0,
      "referenced_only": 0,
      "uncertain": 0,
      "visible": 0,
      "missing": 0
    },
    "referenced_only": {
      "audible_only": 0,
      "depicted": 0,
      "referenced_only": 33,
      "uncertain": 0,
      "visible": 0,
      "missing": 7
    },
    "uncertain": {
      "audible_only": 0,
      "depicted": 0,
      "referenced_only": 0,
      "uncertain": 0,
      "visible": 0,
      "missing": 0
    },
    "visible": {
      "audible_only": 0,
      "depicted": 0,
      "referenced_only": 0,
      "uncertain": 0,
      "visible": 177,
      "missing": 23
    }
  },
  "family_exact_match": 0.825,
  "validation_errors": [
    {
      "scene_id": "SYN_F03_04_2",
      "candidate_id": "drawer",
      "error": "invalid_evidence"
    },
    {
      "scene_id": "SYN_F03_12_2",
      "candidate_id": "cup",
      "error": "invalid_candidate_or_state"
    },
    {
      "scene_id": "SYN_F03_12_2",
      "error": "candidate_set_mismatch"
    },
    {
      "scene_id": "SYN_F03_13_1",
      "candidate_id": "map",
      "error": "invalid_candidate_or_state"
    },
    {
      "scene_id": "SYN_F03_13_1",
      "error": "candidate_set_mismatch"
    },
    {
      "scene_id": "SYN_F03_13_2",
      "candidate_id": "map",
      "error": "invalid_candidate_or_state"
    },
    {
      "scene_id": "SYN_F03_13_2",
      "error": "candidate_set_mismatch"
    },
    {
      "scene_id": "SYN_F03_14_2",
      "candidate_id": "camera",
      "error": "invalid_candidate_or_state"
    },
    {
      "scene_id": "SYN_F03_14_2",
      "error": "candidate_set_mismatch"
    },
    {
      "scene_id": "SYN_F03_15_1",
      "candidate_id": "mask",
      "error": "invalid_candidate_or_state"
    },
    {
      "scene_id": "SYN_F03_15_1",
      "error": "candidate_set_mismatch"
    },
    {
      "scene_id": "SYN_F03_15_2",
      "candidate_id": "mask",
      "error": "invalid_candidate_or_state"
    },
    {
      "scene_id": "SYN_F03_15_2",
      "error": "candidate_set_mismatch"
    },
    {
      "scene_id": "SYN_F03_19_1",
      "candidate_id": "battery",
      "error": "invalid_candidate_or_state"
    },
    {
      "scene_id": "SYN_F03_19_1",
      "error": "candidate_set_mismatch"
    },
    {
      "scene_id": "SYN_F03_19_2",
      "candidate_id": "battery",
      "error": "invalid_candidate_or_state"
    },
    {
      "scene_id": "SYN_F03_19_2",
      "error": "candidate_set_mismatch"
    },
    {
      "scene_id": "SYN_F04_18_2",
      "candidate_id": "scarf",
      "error": "invalid_evidence"
    }
  ]
}
