[transformers] `torch_dtype` is deprecated! Use `dtype` instead!
Loading weights:   0%|          | 0/398 [00:00<?, ?it/s]Loading weights:   0%|          | 1/398 [00:00<01:03,  6.26it/s]Loading weights:   1%|          | 3/398 [00:00<00:35, 11.06it/s]Loading weights:   8%|▊         | 33/398 [00:00<00:03, 117.46it/s]Loading weights:  15%|█▌        | 60/398 [00:00<00:01, 169.16it/s]Loading weights:  23%|██▎       | 92/398 [00:00<00:01, 216.18it/s]Loading weights:  31%|███       | 124/398 [00:00<00:01, 247.86it/s]Loading weights:  39%|███▉      | 155/398 [00:00<00:00, 266.52it/s]Loading weights:  46%|████▌     | 184/398 [00:00<00:00, 273.57it/s]Loading weights:  54%|█████▍    | 214/398 [00:01<00:00, 274.87it/s]Loading weights:  62%|██████▏   | 246/398 [00:01<00:00, 286.70it/s]Loading weights:  69%|██████▉   | 276/398 [00:01<00:00, 282.34it/s]Loading weights:  77%|███████▋  | 306/398 [00:01<00:00, 285.24it/s]Loading weights:  84%|████████▍ | 335/398 [00:01<00:00, 279.54it/s]Loading weights:  92%|█████████▏| 367/398 [00:01<00:00, 286.68it/s]Loading weights: 100%|██████████| 398/398 [00:01<00:00, 243.32it/s]
1 SYN_F09_00_1 ok
2 SYN_F09_00_2 ok
3 SYN_F09_01_1 ok
4 SYN_F09_01_2 ok
5 SYN_F09_02_1 ok
6 SYN_F09_02_2 ok
7 SYN_F09_03_1 ok
8 SYN_F09_03_2 ok
9 SYN_F09_04_1 ok
10 SYN_F09_04_2 ok
11 SYN_F09_05_1 ok
12 SYN_F09_05_2 ok
13 SYN_F09_06_1 ok
14 SYN_F09_06_2 ok
15 SYN_F09_07_1 ok
16 SYN_F09_07_2 ok
17 SYN_F09_08_1 ok
18 SYN_F09_08_2 ok
19 SYN_F09_09_1 ok
20 SYN_F09_09_2 ok
21 SYN_F09_10_1 ok
22 SYN_F09_10_2 ok
23 SYN_F09_11_1 ok
24 SYN_F09_11_2 ok
25 SYN_F09_12_1 ok
26 SYN_F09_12_2 ok
27 SYN_F09_13_1 ok
28 SYN_F09_13_2 ok
29 SYN_F09_14_1 ok
30 SYN_F09_14_2 ok
31 SYN_F09_15_1 ok
32 SYN_F09_15_2 ok
33 SYN_F09_16_1 ok
34 SYN_F09_16_2 ok
35 SYN_F09_17_1 ok
36 SYN_F09_17_2 ok
37 SYN_F09_18_1 ok
38 SYN_F09_18_2 ok
39 SYN_F09_19_1 ok
40 SYN_F09_19_2 ok
41 SYN_F10_00_1 ok
42 SYN_F10_00_2 ok
43 SYN_F10_01_1 ok
44 SYN_F10_01_2 ok
45 SYN_F10_02_1 ok
46 SYN_F10_02_2 ok
47 SYN_F10_03_1 ok
48 SYN_F10_03_2 ok
49 SYN_F10_04_1 ok
50 SYN_F10_04_2 ok
51 SYN_F10_05_1 ok
52 SYN_F10_05_2 ok
53 SYN_F10_06_1 ok
54 SYN_F10_06_2 ok
55 SYN_F10_07_1 ok
56 SYN_F10_07_2 ok
57 SYN_F10_08_1 ok
58 SYN_F10_08_2 ok
59 SYN_F10_09_1 ok
60 SYN_F10_09_2 ok
61 SYN_F10_10_1 ok
62 SYN_F10_10_2 ok
63 SYN_F10_11_1 ok
64 SYN_F10_11_2 ok
65 SYN_F10_12_1 ok
66 SYN_F10_12_2 ok
67 SYN_F10_13_1 ok
68 SYN_F10_13_2 ok
69 SYN_F10_14_1 ok
70 SYN_F10_14_2 ok
71 SYN_F10_15_1 ok
72 SYN_F10_15_2 ok
73 SYN_F10_16_1 ok
74 SYN_F10_16_2 ok
75 SYN_F10_17_1 ok
76 SYN_F10_17_2 ok
77 SYN_F10_18_1 ok
78 SYN_F10_18_2 ok
79 SYN_F10_19_1 ok
80 SYN_F10_19_2 ok
{
  "task": "closed_set_scene_realization_state",
  "reference_tier": "programmatic_synthetic_reference",
  "n_candidates": 180,
  "accuracy": 0.8833333333333333,
  "macro_f1": 0.6271650212723131,
  "schema_valid_scene_rate": 0.9125,
  "malformed_or_missing_scene_rate": 0.08750000000000002,
  "evidence_exact_match": 0.7222222222222222,
  "evidence_overlap_recall": 0.7222222222222222,
  "per_label": {
    "audible_only": {
      "precision": 0.0,
      "recall": 0.0,
      "f1": 0.0,
      "support": 0
    },
    "depicted": {
      "precision": 1.0,
      "recall": 0.3,
      "f1": 0.4615384615384615,
      "support": 20
    },
    "referenced_only": {
      "precision": 0.8695652173913043,
      "recall": 1.0,
      "f1": 0.9302325581395349,
      "support": 20
    },
    "uncertain": {
      "precision": 1.0,
      "recall": 0.65,
      "f1": 0.787878787878788,
      "support": 20
    },
    "visible": {
      "precision": 0.916030534351145,
      "recall": 1.0,
      "f1": 0.9561752988047809,
      "support": 120
    }
  },
  "confusion": {
    "audible_only": {
      "audible_only": 0,
      "depicted": 0,
      "referenced_only": 0,
      "uncertain": 0,
      "visible": 0,
      "missing": 0
    },
    "depicted": {
      "audible_only": 0,
      "depicted": 6,
      "referenced_only": 3,
      "uncertain": 0,
      "visible": 11,
      "missing": 0
    },
    "referenced_only": {
      "audible_only": 0,
      "depicted": 0,
      "referenced_only": 20,
      "uncertain": 0,
      "visible": 0,
      "missing": 0
    },
    "uncertain": {
      "audible_only": 0,
      "depicted": 0,
      "referenced_only": 0,
      "uncertain": 13,
      "visible": 0,
      "missing": 7
    },
    "visible": {
      "audible_only": 0,
      "depicted": 0,
      "referenced_only": 0,
      "uncertain": 0,
      "visible": 120,
      "missing": 0
    }
  },
  "family_exact_match": 0.475,
  "validation_errors": [
    {
      "scene_id": "SYN_F09_03_1",
      "candidate_id": "depicted_location",
      "error": "invalid_candidate_or_state"
    },
    {
      "scene_id": "SYN_F09_05_1",
      "candidate_id": "depicted_location",
      "error": "invalid_candidate_or_state"
    },
    {
      "scene_id": "SYN_F09_07_1",
      "candidate_id": "depicted_location",
      "error": "invalid_candidate_or_state"
    },
    {
      "scene_id": "SYN_F09_09_1",
      "candidate_id": "depicted_location",
      "error": "invalid_candidate_or_state"
    },
    {
      "scene_id": "SYN_F09_11_1",
      "candidate_id": "depicted_state",
      "error": "invalid_candidate_or_state"
    },
    {
      "scene_id": "SYN_F09_13_1",
      "candidate_id": "depicted_location",
      "error": "invalid_candidate_or_state"
    },
    {
      "scene_id": "SYN_F09_14_1",
      "candidate_id": "depicted_state",
      "error": "invalid_candidate_or_state"
    }
  ]
}
