[transformers] `torch_dtype` is deprecated! Use `dtype` instead!
Loading weights:   0%|          | 0/398 [00:00<?, ?it/s]Loading weights:   0%|          | 1/398 [00:00<00:48,  8.11it/s]Loading weights:   4%|▍         | 15/398 [00:00<00:04, 77.85it/s]Loading weights:  12%|█▏        | 47/398 [00:00<00:01, 179.99it/s]Loading weights:  19%|█▉        | 77/398 [00:00<00:01, 223.75it/s]Loading weights:  26%|██▌       | 104/398 [00:00<00:01, 237.68it/s]Loading weights:  34%|███▍      | 136/398 [00:00<00:01, 260.32it/s]Loading weights:  41%|████      | 163/398 [00:00<00:01, 221.22it/s]Loading weights:  48%|████▊     | 192/398 [00:00<00:00, 236.99it/s]Loading weights:  57%|█████▋    | 225/398 [00:01<00:00, 259.14it/s]Loading weights:  65%|██████▍   | 258/398 [00:01<00:00, 273.71it/s]Loading weights:  73%|███████▎  | 291/398 [00:01<00:00, 287.37it/s]Loading weights:  81%|████████▏ | 324/398 [00:01<00:00, 294.51it/s]Loading weights:  90%|████████▉ | 357/398 [00:01<00:00, 297.09it/s]Loading weights:  97%|█████████▋| 387/398 [00:01<00:00, 293.36it/s]Loading weights: 100%|██████████| 398/398 [00:01<00:00, 252.15it/s]
1 SYN_F01_00_1 ok
2 SYN_F01_00_2 ok
3 SYN_F01_01_1 ok
4 SYN_F01_01_2 ok
5 SYN_F01_02_1 ok
6 SYN_F01_02_2 ok
7 SYN_F01_03_1 ok
8 SYN_F01_03_2 ok
9 SYN_F01_04_1 ok
10 SYN_F01_04_2 ok
11 SYN_F01_05_1 ok
12 SYN_F01_05_2 ok
13 SYN_F01_06_1 ok
14 SYN_F01_06_2 ok
15 SYN_F01_07_1 ok
16 SYN_F01_07_2 ok
17 SYN_F01_08_1 ok
18 SYN_F01_08_2 ok
19 SYN_F01_09_1 ok
20 SYN_F01_09_2 ok
21 SYN_F01_10_1 ok
22 SYN_F01_10_2 ok
23 SYN_F01_11_1 ok
24 SYN_F01_11_2 ok
25 SYN_F01_12_1 ok
26 SYN_F01_12_2 ok
27 SYN_F01_13_1 ok
28 SYN_F01_13_2 ok
29 SYN_F01_14_1 ok
30 SYN_F01_14_2 ok
31 SYN_F01_15_1 ok
32 SYN_F01_15_2 ok
33 SYN_F01_16_1 ok
34 SYN_F01_16_2 ok
35 SYN_F01_17_1 ok
36 SYN_F01_17_2 ok
37 SYN_F01_18_1 ok
38 SYN_F01_18_2 ok
39 SYN_F01_19_1 ok
40 SYN_F01_19_2 ok
41 SYN_F02_00_1 ok
42 SYN_F02_00_2 ok
43 SYN_F02_01_1 ok
44 SYN_F02_01_2 ok
45 SYN_F02_02_1 ok
46 SYN_F02_02_2 ok
47 SYN_F02_03_1 ok
48 SYN_F02_03_2 ok
49 SYN_F02_04_1 ok
50 SYN_F02_04_2 ok
51 SYN_F02_05_1 ok
52 SYN_F02_05_2 ok
53 SYN_F02_06_1 ok
54 SYN_F02_06_2 ok
55 SYN_F02_07_1 ok
56 SYN_F02_07_2 ok
57 SYN_F02_08_1 ok
58 SYN_F02_08_2 ok
59 SYN_F02_09_1 ok
60 SYN_F02_09_2 ok
61 SYN_F02_10_1 ok
62 SYN_F02_10_2 ok
63 SYN_F02_11_1 ok
64 SYN_F02_11_2 ok
65 SYN_F02_12_1 ok
66 SYN_F02_12_2 ok
67 SYN_F02_13_1 ok
68 SYN_F02_13_2 ok
69 SYN_F02_14_1 ok
70 SYN_F02_14_2 ok
71 SYN_F02_15_1 ok
72 SYN_F02_15_2 ok
73 SYN_F02_16_1 ok
74 SYN_F02_16_2 ok
75 SYN_F02_17_1 ok
76 SYN_F02_17_2 ok
77 SYN_F02_18_1 ok
78 SYN_F02_18_2 ok
79 SYN_F02_19_1 ok
80 SYN_F02_19_2 ok
{
  "task": "closed_set_scene_realization_state",
  "reference_tier": "programmatic_synthetic_reference",
  "n_candidates": 200,
  "accuracy": 1.0,
  "macro_f1": 0.6,
  "schema_valid_scene_rate": 1.0,
  "malformed_or_missing_scene_rate": 0.0,
  "evidence_exact_match": 0.755,
  "evidence_overlap_recall": 0.86,
  "per_label": {
    "audible_only": {
      "precision": 1.0,
      "recall": 1.0,
      "f1": 1.0,
      "support": 20
    },
    "depicted": {
      "precision": 0.0,
      "recall": 0.0,
      "f1": 0.0,
      "support": 0
    },
    "referenced_only": {
      "precision": 1.0,
      "recall": 1.0,
      "f1": 1.0,
      "support": 20
    },
    "uncertain": {
      "precision": 0.0,
      "recall": 0.0,
      "f1": 0.0,
      "support": 0
    },
    "visible": {
      "precision": 1.0,
      "recall": 1.0,
      "f1": 1.0,
      "support": 160
    }
  },
  "confusion": {
    "audible_only": {
      "audible_only": 20,
      "depicted": 0,
      "referenced_only": 0,
      "uncertain": 0,
      "visible": 0,
      "missing": 0
    },
    "depicted": {
      "audible_only": 0,
      "depicted": 0,
      "referenced_only": 0,
      "uncertain": 0,
      "visible": 0,
      "missing": 0
    },
    "referenced_only": {
      "audible_only": 0,
      "depicted": 0,
      "referenced_only": 20,
      "uncertain": 0,
      "visible": 0,
      "missing": 0
    },
    "uncertain": {
      "audible_only": 0,
      "depicted": 0,
      "referenced_only": 0,
      "uncertain": 0,
      "visible": 0,
      "missing": 0
    },
    "visible": {
      "audible_only": 0,
      "depicted": 0,
      "referenced_only": 0,
      "uncertain": 0,
      "visible": 160,
      "missing": 0
    }
  },
  "family_exact_match": 1.0,
  "validation_errors": []
}
